// Jest Snapshot v1, https://goo.gl/fbAQLP

exports[`<IconInfo /> should render the icon and the value 1`] = `
.c2 {
  display: inline-block;
  vertical-align: middle;
  overflow: hidden;
}

.c0 {
  display: -webkit-inline-box;
  display: -webkit-inline-flex;
  display: -ms-inline-flexbox;
  display: inline-flex;
  color: #8F8F8F;
}

.c1 svg {
  width: 2rem;
}

.c3 {
  margin-left: 0.4rem;
}

<div
  class="c0"
>
  <div
    class="c1"
  >
    <svg
      aria-hidden="true"
      class="c2"
      data-testid="icon"
      fill="currentColor"
      focusable="false"
      viewBox="0 0 512 512"
      xmlns="http://www.w3.org/2000/svg"
    >
      <path
        d="M384 240H96V136a40.12 40.12 0 0140-40h240a40.12 40.12 0 0140 40v104zM48 416V304a64.19 64.19 0 0164-64h288a64.19 64.19 0 0164 64v112"
        fill="none"
        stroke="currentColor"
        stroke-linecap="round"
        stroke-linejoin="round"
        stroke-width="32"
      />
      <path
        d="M48 416v-8a24.07 24.07 0 0124-24h368a24.07 24.07 0 0124 24v8M112 240v-16a32.09 32.09 0 0132-32h80a32.09 32.09 0 0132 32v16M256 240v-16a32.09 32.09 0 0132-32h80a32.09 32.09 0 0132 32v16"
        fill="none"
        stroke="currentColor"
        stroke-linecap="round"
        stroke-linejoin="round"
        stroke-width="32"
      />
    </svg>
  </div>
  <span
    class="c3"
  >
    5
  </span>
</div>
`;
